<?php return array (
  0 => 'Symfony\\Bundle\\FrameworkBundle\\EventListener\\SessionListener',
  1 => 'Symfony\\Component\\HttpFoundation\\Session\\Storage\\NativeSessionStorage',
  2 => 'Symfony\\Component\\HttpFoundation\\Session\\Storage\\PhpBridgeSessionStorage',
  3 => 'Symfony\\Component\\HttpFoundation\\Session\\Storage\\Handler\\NativeFileSessionHandler',
  4 => 'Symfony\\Component\\HttpFoundation\\Session\\Storage\\Proxy\\AbstractProxy',
  5 => 'Symfony\\Component\\HttpFoundation\\Session\\Storage\\Proxy\\SessionHandlerProxy',
  6 => 'Symfony\\Component\\HttpFoundation\\Session\\Session',
  8 => 'Symfony\\Bundle\\FrameworkBundle\\Templating\\GlobalVariables',
  9 => 'Symfony\\Bundle\\FrameworkBundle\\Templating\\TemplateReference',
  10 => 'Symfony\\Bundle\\FrameworkBundle\\Templating\\TemplateNameParser',
  11 => 'Symfony\\Bundle\\FrameworkBundle\\Templating\\Loader\\TemplateLocator',
  12 => 'Symfony\\Component\\Templating\\Storage\\FileStorage',
  13 => 'Symfony\\Bundle\\FrameworkBundle\\Templating\\PhpEngine',
  14 => 'Symfony\\Bundle\\FrameworkBundle\\Templating\\Loader\\FilesystemLoader',
  15 => 'Symfony\\Component\\Routing\\Generator\\UrlGenerator',
  16 => 'Symfony\\Component\\Routing\\RequestContext',
  17 => 'Symfony\\Component\\Routing\\Router',
  18 => 'Symfony\\Bundle\\FrameworkBundle\\Routing\\RedirectableUrlMatcher',
  19 => 'Symfony\\Bundle\\FrameworkBundle\\Routing\\Router',
  20 => 'Symfony\\Component\\Config\\FileLocator',
  21 => 'Symfony\\Component\\Debug\\ErrorHandler',
  22 => 'Symfony\\Component\\EventDispatcher\\Event',
  23 => 'Symfony\\Component\\EventDispatcher\\ContainerAwareEventDispatcher',
  24 => 'Symfony\\Component\\HttpKernel\\EventListener\\ResponseListener',
  25 => 'Symfony\\Component\\HttpKernel\\EventListener\\RouterListener',
  26 => 'Symfony\\Component\\HttpKernel\\Controller\\ControllerResolver',
  27 => 'Symfony\\Component\\HttpKernel\\Event\\KernelEvent',
  28 => 'Symfony\\Component\\HttpKernel\\Event\\FilterControllerEvent',
  29 => 'Symfony\\Component\\HttpKernel\\Event\\FilterResponseEvent',
  30 => 'Symfony\\Component\\HttpKernel\\Event\\GetResponseEvent',
  31 => 'Symfony\\Component\\HttpKernel\\Event\\GetResponseForControllerResultEvent',
  32 => 'Symfony\\Component\\HttpKernel\\Event\\GetResponseForExceptionEvent',
  33 => 'Symfony\\Component\\HttpKernel\\KernelEvents',
  34 => 'Symfony\\Component\\HttpKernel\\Config\\FileLocator',
  35 => 'Symfony\\Bundle\\FrameworkBundle\\Controller\\ControllerNameParser',
  36 => 'Symfony\\Bundle\\FrameworkBundle\\Controller\\ControllerResolver',
  37 => 'Twig_Environment',
  38 => 'Twig_Extension',
  39 => 'Twig_Extension_Core',
  40 => 'Twig_Extension_Escaper',
  41 => 'Twig_Extension_Optimizer',
  42 => 'Twig_LoaderInterface',
  43 => 'Twig_Markup',
  44 => 'Twig_Template',
  45 => 'Symfony\\Bundle\\AsseticBundle\\DefaultValueSupplier',
  46 => 'Symfony\\Bundle\\AsseticBundle\\Factory\\AssetFactory',
  47 => 'Doctrine\\Common\\Annotations\\DocLexer',
  48 => 'Doctrine\\Common\\Annotations\\FileCacheReader',
  49 => 'Doctrine\\Common\\Annotations\\PhpParser',
  50 => 'Doctrine\\Common\\Annotations\\Reader',
  51 => 'Doctrine\\Common\\Lexer',
  52 => 'Doctrine\\Common\\Persistence\\ConnectionRegistry',
  53 => 'Doctrine\\Common\\Persistence\\Proxy',
  54 => 'Doctrine\\Common\\Util\\ClassUtils',
  55 => 'Doctrine\\Bundle\\DoctrineBundle\\Registry',
  56 => 'Sensio\\Bundle\\FrameworkExtraBundle\\EventListener\\ControllerListener',
  57 => 'Sensio\\Bundle\\FrameworkExtraBundle\\EventListener\\ParamConverterListener',
  58 => 'Sensio\\Bundle\\FrameworkExtraBundle\\Request\\ParamConverter\\DateTimeParamConverter',
  59 => 'Sensio\\Bundle\\FrameworkExtraBundle\\Request\\ParamConverter\\DoctrineParamConverter',
  60 => 'Sensio\\Bundle\\FrameworkExtraBundle\\Request\\ParamConverter\\ParamConverterInterface',
  61 => 'Sensio\\Bundle\\FrameworkExtraBundle\\Request\\ParamConverter\\ParamConverterManager',
  62 => 'Sensio\\Bundle\\FrameworkExtraBundle\\EventListener\\TemplateListener',
  63 => 'Sensio\\Bundle\\FrameworkExtraBundle\\EventListener\\HttpCacheListener',
  64 => 'Sensio\\Bundle\\FrameworkExtraBundle\\EventListener\\SecurityListener',
  65 => 'Sensio\\Bundle\\FrameworkExtraBundle\\Configuration\\ConfigurationAnnotation',
  66 => 'Symfony\\Component\\Security\\Http\\Firewall',
  67 => 'Symfony\\Component\\Security\\Core\\User\\UserProviderInterface',
  68 => 'Symfony\\Component\\Security\\Core\\Authentication\\AuthenticationProviderManager',
  69 => 'Symfony\\Component\\Security\\Core\\Authentication\\Token\\Storage\\TokenStorage',
  70 => 'Symfony\\Component\\Security\\Core\\Authorization\\AccessDecisionManager',
  71 => 'Symfony\\Component\\Security\\Core\\Authorization\\AuthorizationChecker',
  72 => 'Symfony\\Component\\Security\\Core\\Authorization\\Voter\\VoterInterface',
  73 => 'Symfony\\Bundle\\SecurityBundle\\Security\\FirewallMap',
  74 => 'Symfony\\Bundle\\SecurityBundle\\Security\\FirewallContext',
  75 => 'Symfony\\Component\\HttpFoundation\\RequestMatcher',
);